// Jest Snapshot v1, https://goo.gl/fbAQLP

exports[`Should find the Text component 1`] = `
Object {
  "instance": null,
  "nodeType": "component",
  "props": Object {},
  "rendered": Object {
    "instance": null,
    "nodeType": "host",
    "props": Object {
      "children": undefined,
    },
    "rendered": Array [],
    "type": "div",
  },
  "type": [Function],
}
`;
